com\ecommerce\modal\Rating.class
com\ecommerce\filter\JWTTokenGeneratorFilter.class
com\ecommerce\controller\AdminProductController.class
com\ecommerce\config\JwtValidator.class
com\ecommerce\modal\Product.class
com\ecommerce\user\domain\ProductSize.class
com\ecommerce\service\CustomUserDetails.class
com\ecommerce\repository\ProductRepository.class
com\ecommerce\config\JwtTokenProvider.class
com\ecommerce\controller\CartItemController.class
com\ecommerce\filter\RequestValidationBeforeFilter.class
com\ecommerce\modal\PaymentInformation.class
com\ecommerce\user\domain\OrderStatus.class
com\ecommerce\modal\Address.class
com\ecommerce\service\CartService.class
com\ecommerce\repository\ReviewRepository.class
com\ecommerce\service\CartServiceImplementation.class
com\ecommerce\controller\AuthController.class
com\ecommerce\request\LoginRequest.class
com\ecommerce\user\domain\ProductSubCategory.class
com\ecommerce\modal\Cart.class
com\ecommerce\exception\ErrorDetails.class
com\ecommerce\service\RatingServiceImplementation.class
com\ecommerce\repository\RatingRepository.class
com\ecommerce\response\PaymentLinkResponse.class
com\ecommerce\service\OrderItemService.class
com\ecommerce\repository\OrderItemRepository.class
com\ecommerce\repository\CartItemRepository.class
com\ecommerce\response\AuthResponse.class
com\ecommerce\user\domain\PaymentStatus.class
com\ecommerce\user\domain\ProductCategory.class
com\ecommerce\request\AddItemRequest.class
com\ecommerce\service\RatingServices.class
com\ecommerce\controller\HomeController.class
com\ecommerce\repository\CartRepository.class
com\ecommerce\response\ApiResponse.class
com\ecommerce\exception\GlobleException.class
com\ecommerce\service\CartItemServiceImplementation.class
com\ecommerce\modal\Size.class
com\ecommerce\filter\CsrfCookieFilter.class
com\ecommerce\user\domain\ProductColor.class
com\ecommerce\exception\ProductException.class
com\ecommerce\modal\Order.class
com\ecommerce\service\CategoryService.class
com\ecommerce\exception\OrderException.class
com\ecommerce\modal\Category.class
com\ecommerce\service\ProductService.class
com\ecommerce\controller\CartController.class
com\ecommerce\modal\OrderItem.class
com\ecommerce\filter\AuthoritiesLoggingAfterFilter.class
com\ecommerce\modal\PaymentDetails.class
com\ecommerce\request\DeleteProductRequest.class
com\ecommerce\service\OrderServiceImplementation.class
com\ecommerce\service\ProductServiceImplementation.class
com\ecommerce\user\domain\UserRole.class
com\ecommerce\service\UserServiceImplementation.class
com\ecommerce\service\UserService.class
com\ecommerce\repository\AddressRepository.class
com\ecommerce\user\domain\PaymentMethod.class
com\ecommerce\controller\ReviewController.class
com\ecommerce\filter\AuthoritiesLoggingAtFilter.class
com\ecommerce\config\JwtConstant.class
com\ecommerce\config\ProjectSecurityConfig$1.class
com\ecommerce\exception\CartItemException.class
com\ecommerce\service\OrderService.class
com\ecommerce\controller\AdminUserController.class
com\ecommerce\controller\UserController.class
com\ecommerce\exception\UserException.class
com\ecommerce\service\ReviewService.class
com\ecommerce\repository\OrderRepository.class
com\ecommerce\controller\RatingController.class
com\ecommerce\modal\Review.class
com\ecommerce\request\RatingRequest.class
com\ecommerce\service\OrderItemServiceImplementation.class
com\ecommerce\repository\UserRepository.class
com\ecommerce\app\ServletInitializer.class
com\ecommerce\controller\UserProductController.class
com\ecommerce\service\CartItemService.class
com\ecommerce\repository\CategoryRepository.class
com\ecommerce\app\ApplicationConfig.class
com\ecommerce\modal\CartItem.class
com\ecommerce\service\ReviewServiceImplementation.class
com\ecommerce\controller\OrderController.class
com\ecommerce\app\AppApplication.class
com\ecommerce\controller\PaymentController.class
com\ecommerce\request\CreateProductRequest.class
com\ecommerce\response\CreatePaymentLinkResponse.class
com\ecommerce\config\ProjectSecurityConfig.class
com\ecommerce\controller\AdminOrderController.class
com\ecommerce\filter\JWTTokenValidatorFilter.class
com\ecommerce\modal\User.class
com\ecommerce\request\ReviewRequest.class
