C:\Users\hussa\OneDrive\Desktop\app\src\main\java\com\ecommerce\controller\AdminUserController.java
C:\Users\hussa\OneDrive\Desktop\app\src\main\java\com\ecommerce\service\ProductServiceImplementation.java
C:\Users\hussa\OneDrive\Desktop\app\src\main\java\com\ecommerce\modal\OrderItem.java
C:\Users\hussa\OneDrive\Desktop\app\src\main\java\com\ecommerce\exception\UserException.java
C:\Users\hussa\OneDrive\Desktop\app\src\main\java\com\ecommerce\controller\CartController.java
C:\Users\hussa\OneDrive\Desktop\app\src\main\java\com\ecommerce\filter\JWTTokenValidatorFilter.java
C:\Users\hussa\OneDrive\Desktop\app\src\main\java\com\ecommerce\service\ReviewService.java
C:\Users\hussa\OneDrive\Desktop\app\src\main\java\com\ecommerce\controller\UserController.java
C:\Users\hussa\OneDrive\Desktop\app\src\main\java\com\ecommerce\modal\Rating.java
C:\Users\hussa\OneDrive\Desktop\app\src\main\java\com\ecommerce\filter\AuthoritiesLoggingAtFilter.java
C:\Users\hussa\OneDrive\Desktop\app\src\main\java\com\ecommerce\exception\ErrorDetails.java
C:\Users\hussa\OneDrive\Desktop\app\src\main\java\com\ecommerce\modal\Order.java
C:\Users\hussa\OneDrive\Desktop\app\src\main\java\com\ecommerce\modal\PaymentInformation.java
C:\Users\hussa\OneDrive\Desktop\app\src\main\java\com\ecommerce\service\OrderServiceImplementation.java
C:\Users\hussa\OneDrive\Desktop\app\src\main\java\com\ecommerce\config\JwtConstant.java
C:\Users\hussa\OneDrive\Desktop\app\src\main\java\com\ecommerce\repository\OrderRepository.java
C:\Users\hussa\OneDrive\Desktop\app\src\main\java\com\ecommerce\modal\User.java
C:\Users\hussa\OneDrive\Desktop\app\src\main\java\com\ecommerce\controller\HomeController.java
C:\Users\hussa\OneDrive\Desktop\app\src\main\java\com\ecommerce\request\AddItemRequest.java
C:\Users\hussa\OneDrive\Desktop\app\src\main\java\com\ecommerce\service\OrderItemServiceImplementation.java
C:\Users\hussa\OneDrive\Desktop\app\src\main\java\com\ecommerce\response\ApiResponse.java
C:\Users\hussa\OneDrive\Desktop\app\src\main\java\com\ecommerce\response\PaymentLinkResponse.java
C:\Users\hussa\OneDrive\Desktop\app\src\main\java\com\ecommerce\repository\AddressRepository.java
C:\Users\hussa\OneDrive\Desktop\app\src\main\java\com\ecommerce\exception\ProductException.java
C:\Users\hussa\OneDrive\Desktop\app\src\main\java\com\ecommerce\modal\Product.java
C:\Users\hussa\OneDrive\Desktop\app\src\main\java\com\ecommerce\repository\OrderItemRepository.java
C:\Users\hussa\OneDrive\Desktop\app\src\main\java\com\ecommerce\constants\SecurityConstants.java
C:\Users\hussa\OneDrive\Desktop\app\src\main\java\com\ecommerce\repository\RatingRepository.java
C:\Users\hussa\OneDrive\Desktop\app\src\main\java\com\ecommerce\controller\AuthController.java
C:\Users\hussa\OneDrive\Desktop\app\src\main\java\com\ecommerce\controller\OrderController.java
C:\Users\hussa\OneDrive\Desktop\app\src\main\java\com\ecommerce\response\CreatePaymentLinkResponse.java
C:\Users\hussa\OneDrive\Desktop\app\src\main\java\com\ecommerce\controller\AdminOrderController.java
C:\Users\hussa\OneDrive\Desktop\app\src\main\java\com\ecommerce\modal\Category.java
C:\Users\hussa\OneDrive\Desktop\app\src\main\java\com\ecommerce\repository\ReviewRepository.java
C:\Users\hussa\OneDrive\Desktop\app\src\main\java\com\ecommerce\request\RatingRequest.java
C:\Users\hussa\OneDrive\Desktop\app\src\main\java\com\ecommerce\filter\RequestValidationBeforeFilter.java
C:\Users\hussa\OneDrive\Desktop\app\src\main\java\com\ecommerce\modal\Cart.java
C:\Users\hussa\OneDrive\Desktop\app\src\main\java\com\ecommerce\controller\AdminProductController.java
C:\Users\hussa\OneDrive\Desktop\app\src\main\java\com\ecommerce\repository\CategoryRepository.java
C:\Users\hussa\OneDrive\Desktop\app\src\main\java\com\ecommerce\service\RatingServices.java
C:\Users\hussa\OneDrive\Desktop\app\src\main\java\com\ecommerce\app\AppApplication.java
C:\Users\hussa\OneDrive\Desktop\app\src\main\java\com\ecommerce\controller\UserProductController.java
C:\Users\hussa\OneDrive\Desktop\app\src\main\java\com\ecommerce\user\domain\ProductSize.java
C:\Users\hussa\OneDrive\Desktop\app\src\main\java\com\ecommerce\config\JwtTokenProvider.java
C:\Users\hussa\OneDrive\Desktop\app\src\main\java\com\ecommerce\exception\CartItemException.java
C:\Users\hussa\OneDrive\Desktop\app\src\main\java\com\ecommerce\service\CartService.java
C:\Users\hussa\OneDrive\Desktop\app\src\main\java\com\ecommerce\service\OrderService.java
C:\Users\hussa\OneDrive\Desktop\app\src\main\java\com\ecommerce\config\ProjectSecurityConfig.java
C:\Users\hussa\OneDrive\Desktop\app\src\main\java\com\ecommerce\service\ReviewServiceImplementation.java
C:\Users\hussa\OneDrive\Desktop\app\src\main\java\com\ecommerce\modal\Size.java
C:\Users\hussa\OneDrive\Desktop\app\src\main\java\com\ecommerce\repository\CartItemRepository.java
C:\Users\hussa\OneDrive\Desktop\app\src\main\java\com\ecommerce\service\UserService.java
C:\Users\hussa\OneDrive\Desktop\app\src\main\java\com\ecommerce\modal\CartItem.java
C:\Users\hussa\OneDrive\Desktop\app\src\main\java\com\ecommerce\user\domain\UserRole.java
C:\Users\hussa\OneDrive\Desktop\app\src\main\java\com\ecommerce\service\RatingServiceImplementation.java
C:\Users\hussa\OneDrive\Desktop\app\src\main\java\com\ecommerce\filter\AuthoritiesLoggingAfterFilter.java
C:\Users\hussa\OneDrive\Desktop\app\src\main\java\com\ecommerce\user\domain\ProductCategory.java
C:\Users\hussa\OneDrive\Desktop\app\src\main\java\com\ecommerce\controller\CartItemController.java
C:\Users\hussa\OneDrive\Desktop\app\src\main\java\com\ecommerce\filter\JWTTokenGeneratorFilter.java
C:\Users\hussa\OneDrive\Desktop\app\src\main\java\com\ecommerce\user\domain\OrderStatus.java
C:\Users\hussa\OneDrive\Desktop\app\src\main\java\com\ecommerce\service\CartItemService.java
C:\Users\hussa\OneDrive\Desktop\app\src\main\java\com\ecommerce\repository\ProductRepository.java
C:\Users\hussa\OneDrive\Desktop\app\src\main\java\com\ecommerce\controller\RatingController.java
C:\Users\hussa\OneDrive\Desktop\app\src\main\java\com\ecommerce\service\CartServiceImplementation.java
C:\Users\hussa\OneDrive\Desktop\app\src\main\java\com\ecommerce\response\AuthResponse.java
C:\Users\hussa\OneDrive\Desktop\app\src\main\java\com\ecommerce\request\CreateProductRequest.java
C:\Users\hussa\OneDrive\Desktop\app\src\main\java\com\ecommerce\exception\OrderException.java
C:\Users\hussa\OneDrive\Desktop\app\src\main\java\com\ecommerce\user\domain\PaymentMethod.java
C:\Users\hussa\OneDrive\Desktop\app\src\main\java\com\ecommerce\modal\Review.java
C:\Users\hussa\OneDrive\Desktop\app\src\main\java\com\ecommerce\controller\PaymentController.java
C:\Users\hussa\OneDrive\Desktop\app\src\main\java\com\ecommerce\app\ApplicationConfig.java
C:\Users\hussa\OneDrive\Desktop\app\src\main\java\com\ecommerce\service\CartItemServiceImplementation.java
C:\Users\hussa\OneDrive\Desktop\app\src\main\java\com\ecommerce\service\OrderItemService.java
C:\Users\hussa\OneDrive\Desktop\app\src\main\java\com\ecommerce\user\domain\PaymentStatus.java
C:\Users\hussa\OneDrive\Desktop\app\src\main\java\com\ecommerce\user\domain\ProductColor.java
C:\Users\hussa\OneDrive\Desktop\app\src\main\java\com\ecommerce\user\domain\ProductSubCategory.java
C:\Users\hussa\OneDrive\Desktop\app\src\main\java\com\ecommerce\constants\ApplicationConstants.java
C:\Users\hussa\OneDrive\Desktop\app\src\main\java\com\ecommerce\request\LoginRequest.java
C:\Users\hussa\OneDrive\Desktop\app\src\main\java\com\ecommerce\service\CustomUserDetails.java
C:\Users\hussa\OneDrive\Desktop\app\src\main\java\com\ecommerce\service\ProductService.java
C:\Users\hussa\OneDrive\Desktop\app\src\main\java\com\ecommerce\service\CategoryService.java
C:\Users\hussa\OneDrive\Desktop\app\src\main\java\com\ecommerce\config\JwtValidator.java
C:\Users\hussa\OneDrive\Desktop\app\src\main\java\com\ecommerce\request\ReviewRequest.java
C:\Users\hussa\OneDrive\Desktop\app\src\main\java\com\ecommerce\config\UserAuthentication.java
C:\Users\hussa\OneDrive\Desktop\app\src\main\java\com\ecommerce\request\DeleteProductRequest.java
C:\Users\hussa\OneDrive\Desktop\app\src\main\java\com\ecommerce\app\ServletInitializer.java
C:\Users\hussa\OneDrive\Desktop\app\src\main\java\com\ecommerce\repository\CartRepository.java
C:\Users\hussa\OneDrive\Desktop\app\src\main\java\com\ecommerce\controller\ReviewController.java
C:\Users\hussa\OneDrive\Desktop\app\src\main\java\com\ecommerce\repository\UserRepository.java
C:\Users\hussa\OneDrive\Desktop\app\src\main\java\com\ecommerce\modal\PaymentDetails.java
C:\Users\hussa\OneDrive\Desktop\app\src\main\java\com\ecommerce\modal\Address.java
C:\Users\hussa\OneDrive\Desktop\app\src\main\java\com\ecommerce\service\UserServiceImplementation.java
C:\Users\hussa\OneDrive\Desktop\app\src\main\java\com\ecommerce\filter\CsrfCookieFilter.java
C:\Users\hussa\OneDrive\Desktop\app\src\main\java\com\ecommerce\exception\GlobleException.java
